BL51 BANKED LINKER/LOCATER V6.11                                                        06/12/2012  19:56:17  PAGE 1


BL51 BANKED LINKER/LOCATER V6.11, INVOKED BY:
C:\KEIL\C51\BIN\BL51.EXE main_cube_leds.obj, F32x_USB_Descriptor.obj, F32x_USB_ISR.obj, F32x_USB_Primitives.obj, F32x_US
>> B_Standard_Requests.obj TO cube_leds RAMSIZE (256)


MEMORY MODEL: SMALL


INPUT MODULES INCLUDED:
  main_cube_leds.obj (MAIN_CUBE_LEDS)
  F32x_USB_Descriptor.obj (F32X_USB_DESCRIPTOR)
  F32x_USB_ISR.obj (F32X_USB_ISR)
  F32x_USB_Primitives.obj (F32X_USB_PRIMITIVES)
  F32x_USB_Standard_Requests.obj (F32X_USB_STANDARD_REQUESTS)
  C:\KEIL\C51\LIB\C51S.LIB (?C_STARTUP)
  C:\KEIL\C51\LIB\C51S.LIB (?C?COPY)
  C:\KEIL\C51\LIB\C51S.LIB (?C?CLDPTR)
  C:\KEIL\C51\LIB\C51S.LIB (?C?CLDOPTR)
  C:\KEIL\C51\LIB\C51S.LIB (?C?CSTPTR)
  C:\KEIL\C51\LIB\C51S.LIB (?C?CSTOPTR)
  C:\KEIL\C51\LIB\C51S.LIB (?C?IMUL)
  C:\KEIL\C51\LIB\C51S.LIB (?C?UIDIV)
  C:\KEIL\C51\LIB\C51S.LIB (?C?ULCMP)
  C:\KEIL\C51\LIB\C51S.LIB (?C?LSTXDATA)
  C:\KEIL\C51\LIB\C51S.LIB (?C?LSTKXDATA)
  C:\KEIL\C51\LIB\C51S.LIB (?C?CCASE)
  C:\KEIL\C51\LIB\C51S.LIB (RAND)
  C:\KEIL\C51\LIB\C51S.LIB (?C?STRCMP)
  C:\KEIL\C51\LIB\C51S.LIB (?C?STRCPY)
  C:\KEIL\C51\LIB\C51S.LIB (?C_INIT)


LINK MAP OF MODULE:  cube_leds (MAIN_CUBE_LEDS)


            TYPE    BASE      LENGTH    RELOCATION   SEGMENT NAME
            -----------------------------------------------------

            * * * * * * *   D A T A   M E M O R Y   * * * * * * *
            REG     0000H     0008H     ABSOLUTE     "REG BANK 0"
            DATA    0008H     0018H     UNIT         _DATA_GROUP_
            BIT     0020H.0   0001H.2   UNIT         ?BI?MAIN_CUBE_LEDS
            BIT     0021H.2   0001H.0   UNIT         _BIT_GROUP_
            BIT     0022H.2   0000H.1   UNIT         ?BI?_WR_COORD_CUBE?MAIN_CUBE_LEDS
            BIT     0022H.3   0000H.1   UNIT         ?BI?_DEPL_PROFOND?MAIN_CUBE_LEDS
            BIT     0022H.4   0000H.1   UNIT         ?BI?F32X_USB_ISR
                    0022H.5   0000H.3                *** GAP ***
            DATA    0023H     0013H     UNIT         ?DT?F32X_USB_ISR
            DATA    0036H     000CH     UNIT         ?DT?F32X_USB_DESCRIPTOR
            DATA    0042H     0006H     UNIT         ?DT?_COPY_CUBE?MAIN_CUBE_LEDS
            DATA    0048H     0006H     UNIT         ?DT?_OR_CUBE?MAIN_CUBE_LEDS
            DATA    004EH     0006H     UNIT         ?DT?_WR_COORD_CUBE?MAIN_CUBE_LEDS
            DATA    0054H     0006H     UNIT         ?DT?_RD_COORD_CUBE?MAIN_CUBE_LEDS
            DATA    005AH     0004H     UNIT         ?DT?RAND?RAND
            DATA    005EH     0003H     UNIT         ?DT?_DEPL_PROFOND?MAIN_CUBE_LEDS
            DATA    0061H     0002H     UNIT         ?DT?MAIN_CUBE_LEDS
            IDATA   0063H     0001H     UNIT         ?STACK

BL51 BANKED LINKER/LOCATER V6.11                                                      06/12/2012  19:56:17  PAGE 2


            * * * * * * *  X D A T A   M E M O R Y  * * * * * * *
            XDATA   0000H     00D6H     UNIT         _XDATA_GROUP_
            XDATA   00D6H     0080H     UNIT         ?XD?F32X_USB_ISR
            XDATA   0156H     0080H     UNIT         ?XD?F32X_USB_PRIMITIVES
            XDATA   01D6H     000DH     UNIT         ?XD?MAIN_CUBE_LEDS
            XDATA   01E3H     0003H     UNIT         ?XD?_WR_COORD_CUBE?MAIN_CUBE_LEDS
            XDATA   01E6H     0003H     UNIT         ?XD?_RD_COORD_CUBE?MAIN_CUBE_LEDS
            XDATA   01E9H     0002H     UNIT         ?XD?_COPY_CUBE?MAIN_CUBE_LEDS
            XDATA   01EBH     0002H     UNIT         ?XD?_OR_CUBE?MAIN_CUBE_LEDS
            XDATA   01EDH     0002H     UNIT         ?XD?_DEPL_PROFOND?MAIN_CUBE_LEDS

            * * * * * * *   C O D E   M E M O R Y   * * * * * * *
            CODE    0000H     0003H     ABSOLUTE     
            CODE    0003H     0003H     ABSOLUTE     
            CODE    0006H     0004H     UNIT         ?CO?F32X_USB_STANDARD_REQUESTS
            CODE    000AH     0001H     UNIT         ?PR?USB_SUSPEND?F32X_USB_ISR
            CODE    000BH     0003H     ABSOLUTE     
                    000EH     0005H                  *** GAP ***
            CODE    0013H     0003H     ABSOLUTE     
            CODE    0016H     001DH     UNIT         ?PR?_TAB_TO_USE?MAIN_CUBE_LEDS
            CODE    0033H     0003H     ABSOLUTE     
            CODE    0036H     000CH     UNIT         ?PR?SPIINIT?MAIN_CUBE_LEDS
                    0042H     0001H                  *** GAP ***
            CODE    0043H     0003H     ABSOLUTE     
            CODE    0046H     0BB5H     UNIT         ?PR?MAIN?MAIN_CUBE_LEDS
            CODE    0BFBH     04CFH     UNIT         ?C?LIB_CODE
            CODE    10CAH     023EH     UNIT         ?CO?MAIN_CUBE_LEDS
            CODE    1308H     01F1H     UNIT         ?PR?_ANIM_PLUIE?MAIN_CUBE_LEDS
            CODE    14F9H     01B7H     UNIT         ?PR?_ROTAT_H?MAIN_CUBE_LEDS
            CODE    16B0H     01B4H     UNIT         ?PR?HANDLE_SETUP?F32X_USB_ISR
            CODE    1864H     01B0H     UNIT         ?PR?_DEPL_HAUTEUR?MAIN_CUBE_LEDS
            CODE    1A14H     01A4H     UNIT         ?PR?_CUBE_CAR?MAIN_CUBE_LEDS
            CODE    1BB8H     018DH     UNIT         ?PR?_DEPL_PROFOND?MAIN_CUBE_LEDS
            CODE    1D45H     0169H     UNIT         ?PR?_WR_COORD_CUBE?MAIN_CUBE_LEDS
            CODE    1EAEH     012DH     UNIT         ?PR?_RD_COORD_CUBE?MAIN_CUBE_LEDS
            CODE    1FDBH     00F3H     UNIT         ?PR?GET_STATUS?F32X_USB_STANDARD_REQUESTS
            CODE    20CEH     00E2H     UNIT         ?PR?GET_DESCRIPTOR?F32X_USB_STANDARD_REQUESTS
            CODE    21B0H     00A0H     UNIT         ?CO?F32X_USB_DESCRIPTOR
            CODE    2250H     0098H     UNIT         ?PR?USB_ISR?F32X_USB_ISR
            CODE    22E8H     0093H     UNIT         ?PR?CLEAR_FEATURE?F32X_USB_STANDARD_REQUESTS
            CODE    237BH     0093H     UNIT         ?PR?SET_FEATURE?F32X_USB_STANDARD_REQUESTS
            CODE    240EH     0092H     UNIT         ?PR?_FIFO_READ?F32X_USB_ISR
            CODE    24A0H     008CH     UNIT         ?C_C51STARTUP
            CODE    252CH     0088H     UNIT         ?PR?INTERRUPT_SPI?MAIN_CUBE_LEDS
            CODE    25B4H     007FH     UNIT         ?PR?_OR_CUBE?MAIN_CUBE_LEDS
            CODE    2633H     007FH     UNIT         ?PR?_DEPL_LARGEUR?MAIN_CUBE_LEDS
            CODE    26B2H     007FH     UNIT         ?PR?HANDLE_OUT2?F32X_USB_ISR
            CODE    2731H     007DH     UNIT         ?PR?INTERRUPT_INT0?MAIN_CUBE_LEDS
            CODE    27AEH     007AH     UNIT         ?PR?SET_CONFIGURATION?F32X_USB_STANDARD_REQUESTS
            CODE    2828H     0073H     UNIT         ?PR?USB0_INIT?F32X_USB_PRIMITIVES
            CODE    289BH     0070H     UNIT         ?PR?_COPY_CUBE?MAIN_CUBE_LEDS
            CODE    290BH     006EH     UNIT         ?PR?_ANIM_BASE_UP?MAIN_CUBE_LEDS
            CODE    2979H     0067H     UNIT         ?PR?HANDLE_IN1?F32X_USB_ISR
            CODE    29E0H     0066H     UNIT         ?PR?GET_CONFIGURATION?F32X_USB_STANDARD_REQUESTS
            CODE    2A46H     0055H     UNIT         ?PR?INTERRUPT_TIMER0?MAIN_CUBE_LEDS
            CODE    2A9BH     0055H     UNIT         ?PR?_TABTOFACE?MAIN_CUBE_LEDS
            CODE    2AF0H     0053H     UNIT         ?PR?GET_INTERFACE?F32X_USB_STANDARD_REQUESTS
BL51 BANKED LINKER/LOCATER V6.11                                                      06/12/2012  19:56:17  PAGE 3


            CODE    2B43H     004FH     UNIT         ?PR?_CLEAR_CUBE?MAIN_CUBE_LEDS
            CODE    2B92H     004FH     UNIT         ?C_INITSEG
            CODE    2BE1H     004DH     UNIT         ?PR?RAND?RAND
            CODE    2C2EH     004CH     UNIT         ?PR?_TABTOLAYER?MAIN_CUBE_LEDS
            CODE    2C7AH     004BH     UNIT         ?PR?_FIFO_WRITE?F32X_USB_ISR
            CODE    2CC5H     0049H     UNIT         ?PR?_WRITE_SEND_PACKET?F32X_USB_PRIMITIVES
            CODE    2D0EH     0047H     UNIT         ?PR?_READ_RECEIVE_PACKET?F32X_USB_PRIMITIVES
            CODE    2D55H     0043H     UNIT         ?PR?_ANIM_BASE_UP_DN?MAIN_CUBE_LEDS
            CODE    2D98H     0041H     UNIT         ?PR?GET_REPORT?F32X_USB_ISR
            CODE    2DD9H     0041H     UNIT         ?PR?SET_ADDRESS?F32X_USB_STANDARD_REQUESTS
            CODE    2E1AH     0036H     UNIT         ?PR?_ANIM_BASE_L_R?MAIN_CUBE_LEDS
            CODE    2E50H     0032H     UNIT         ?PR?SET_INTERFACE?F32X_USB_STANDARD_REQUESTS
            CODE    2E82H     0020H     UNIT         ?PR?_LUMINOSITE?MAIN_CUBE_LEDS
            CODE    2EA2H     001DH     UNIT         ?PR?DELAY?F32X_USB_PRIMITIVES
            CODE    2EBFH     001BH     UNIT         ?PR?INIT_TIMER0?MAIN_CUBE_LEDS
            CODE    2EDAH     001BH     UNIT         ?PR?SYSCLK_INIT?F32X_USB_PRIMITIVES
            CODE    2EF5H     001AH     UNIT         ?PR?FORCE_STALL?F32X_USB_ISR
            CODE    2F0FH     0018H     UNIT         ?PR?USB_RESET?F32X_USB_ISR
            CODE    2F27H     0014H     UNIT         ?PR?INTERRUPT_INT1?MAIN_CUBE_LEDS
            CODE    2F3BH     0013H     UNIT         ?PR?PORT_INIT?MAIN_CUBE_LEDS
            CODE    2F4EH     000FH     UNIT         ?PR?INIT_INT0?MAIN_CUBE_LEDS
            CODE    2F5DH     000FH     UNIT         ?PR?INIT_INT1?MAIN_CUBE_LEDS
            CODE    2F6CH     0009H     UNIT         ?PR?USB_RESUME?F32X_USB_ISR
            CODE    2F75H     0007H     UNIT         ?PR?PCA0_INIT?MAIN_CUBE_LEDS



OVERLAY MAP OF MODULE:   cube_leds (MAIN_CUBE_LEDS)


SEGMENT                                             BIT_GROUP          DATA_GROUP          XDATA_GROUP
  +--> CALLED SEGMENT                            START    LENGTH     START    LENGTH     START    LENGTH
--------------------------------------------------------------------------------------------------------
?PR?INTERRUPT_INT0?MAIN_CUBE_LEDS                -----    -----      0008H    0001H      -----    -----

*** NEW ROOT ***************************************************

?PR?USB_ISR?F32X_USB_ISR                         -----    -----      0009H    0003H      -----    -----
  +--> ?PR?USB_RESUME?F32X_USB_ISR
  +--> ?PR?USB_RESET?F32X_USB_ISR
  +--> ?PR?HANDLE_SETUP?F32X_USB_ISR
  +--> ?PR?HANDLE_IN1?F32X_USB_ISR
  +--> ?PR?HANDLE_OUT2?F32X_USB_ISR
  +--> ?PR?USB_SUSPEND?F32X_USB_ISR

?PR?USB_RESUME?F32X_USB_ISR                      -----    -----      000CH    0002H      -----    -----

?PR?HANDLE_SETUP?F32X_USB_ISR                    -----    -----      000CH    0002H      -----    -----
  +--> ?PR?_FIFO_READ?F32X_USB_ISR
  +--> ?PR?GET_REPORT?F32X_USB_ISR
  +--> ?PR?FORCE_STALL?F32X_USB_ISR
  +--> ?PR?GET_STATUS?F32X_USB_STANDARD_REQU...
  +--> ?PR?CLEAR_FEATURE?F32X_USB_STANDARD_R...
  +--> ?PR?SET_FEATURE?F32X_USB_STANDARD_REQ...
  +--> ?PR?SET_ADDRESS?F32X_USB_STANDARD_REQ...
  +--> ?PR?GET_DESCRIPTOR?F32X_USB_STANDARD_...
  +--> ?PR?GET_CONFIGURATION?F32X_USB_STANDA...
BL51 BANKED LINKER/LOCATER V6.11                                                      06/12/2012  19:56:17  PAGE 4


  +--> ?PR?SET_CONFIGURATION?F32X_USB_STANDA...
  +--> ?PR?GET_INTERFACE?F32X_USB_STANDARD_R...
  +--> ?PR?SET_INTERFACE?F32X_USB_STANDARD_R...
  +--> ?PR?_FIFO_WRITE?F32X_USB_ISR

?PR?_FIFO_READ?F32X_USB_ISR                      0021H.2  0000H.1    000EH    0009H      -----    -----

?PR?GET_REPORT?F32X_USB_ISR                      -----    -----      -----    -----      -----    -----
  +--> ?PR?FORCE_STALL?F32X_USB_ISR

?PR?GET_STATUS?F32X_USB_STANDARD_REQU...         -----    -----      -----    -----      -----    -----
  +--> ?PR?FORCE_STALL?F32X_USB_ISR
  +--> ?CO?F32X_USB_STANDARD_REQUESTS

?PR?CLEAR_FEATURE?F32X_USB_STANDARD_R...         -----    -----      -----    -----      -----    -----
  +--> ?PR?FORCE_STALL?F32X_USB_ISR

?PR?SET_FEATURE?F32X_USB_STANDARD_REQ...         -----    -----      -----    -----      -----    -----
  +--> ?PR?FORCE_STALL?F32X_USB_ISR

?PR?SET_ADDRESS?F32X_USB_STANDARD_REQ...         -----    -----      -----    -----      -----    -----
  +--> ?PR?FORCE_STALL?F32X_USB_ISR

?PR?GET_DESCRIPTOR?F32X_USB_STANDARD_...         -----    -----      -----    -----      -----    -----
  +--> ?CO?F32X_USB_DESCRIPTOR
  +--> ?PR?FORCE_STALL?F32X_USB_ISR

?PR?GET_CONFIGURATION?F32X_USB_STANDA...         -----    -----      -----    -----      -----    -----
  +--> ?PR?FORCE_STALL?F32X_USB_ISR
  +--> ?CO?F32X_USB_STANDARD_REQUESTS

?PR?SET_CONFIGURATION?F32X_USB_STANDA...         -----    -----      -----    -----      -----    -----
  +--> ?PR?FORCE_STALL?F32X_USB_ISR
  +--> ?PR?HANDLE_IN1?F32X_USB_ISR

?PR?HANDLE_IN1?F32X_USB_ISR                      -----    -----      000EH    0001H      -----    -----
  +--> ?PR?_FIFO_WRITE?F32X_USB_ISR

?PR?_FIFO_WRITE?F32X_USB_ISR                     -----    -----      000FH    0008H      -----    -----

?PR?GET_INTERFACE?F32X_USB_STANDARD_R...         -----    -----      -----    -----      -----    -----
  +--> ?PR?FORCE_STALL?F32X_USB_ISR
  +--> ?CO?F32X_USB_STANDARD_REQUESTS

?PR?SET_INTERFACE?F32X_USB_STANDARD_R...         -----    -----      -----    -----      -----    -----
  +--> ?PR?FORCE_STALL?F32X_USB_ISR

?PR?HANDLE_OUT2?F32X_USB_ISR                     -----    -----      000CH    0002H      -----    -----
  +--> ?PR?_FIFO_READ?F32X_USB_ISR

*** NEW ROOT ***************************************************

?C_C51STARTUP                                    -----    -----      -----    -----      -----    -----
  +--> ?PR?MAIN?MAIN_CUBE_LEDS
  +--> ?C_INITSEG

?PR?MAIN?MAIN_CUBE_LEDS                          0021H.3  0000H.5    -----    -----      0000H    00CFH
BL51 BANKED LINKER/LOCATER V6.11                                                      06/12/2012  19:56:17  PAGE 5


  +--> ?CO?MAIN_CUBE_LEDS
  +--> ?PR?SYSCLK_INIT?F32X_USB_PRIMITIVES
  +--> ?PR?PORT_INIT?MAIN_CUBE_LEDS
  +--> ?PR?SPIINIT?MAIN_CUBE_LEDS
  +--> ?PR?INIT_TIMER0?MAIN_CUBE_LEDS
  +--> ?PR?PCA0_INIT?MAIN_CUBE_LEDS
  +--> ?PR?INIT_INT0?MAIN_CUBE_LEDS
  +--> ?PR?INIT_INT1?MAIN_CUBE_LEDS
  +--> ?PR?USB0_INIT?F32X_USB_PRIMITIVES
  +--> ?PR?_WRITE_SEND_PACKET?F32X_USB_PRIMI...
  +--> ?PR?_TAB_TO_USE?MAIN_CUBE_LEDS
  +--> ?PR?_CLEAR_CUBE?MAIN_CUBE_LEDS
  +--> ?PR?_LUMINOSITE?MAIN_CUBE_LEDS
  +--> ?PR?_ANIM_BASE_UP?MAIN_CUBE_LEDS
  +--> ?PR?_TABTOLAYER?MAIN_CUBE_LEDS
  +--> ?PR?_ANIM_BASE_UP_DN?MAIN_CUBE_LEDS
  +--> ?PR?_TABTOFACE?MAIN_CUBE_LEDS
  +--> ?PR?_ROTAT_H?MAIN_CUBE_LEDS
  +--> ?PR?_ANIM_BASE_L_R?MAIN_CUBE_LEDS
  +--> ?PR?_ANIM_PLUIE?MAIN_CUBE_LEDS
  +--> ?PR?_CUBE_CAR?MAIN_CUBE_LEDS
  +--> ?PR?_DEPL_LARGEUR?MAIN_CUBE_LEDS
  +--> ?PR?_READ_RECEIVE_PACKET?F32X_USB_PRI...

?PR?SYSCLK_INIT?F32X_USB_PRIMITIVES              -----    -----      -----    -----      -----    -----
  +--> ?PR?DELAY?F32X_USB_PRIMITIVES

?PR?DELAY?F32X_USB_PRIMITIVES                    -----    -----      0017H    0002H      -----    -----

?PR?USB0_INIT?F32X_USB_PRIMITIVES                -----    -----      0017H    0001H      -----    -----

?PR?_WRITE_SEND_PACKET?F32X_USB_PRIMI...         -----    -----      0017H    0007H      -----    -----

?PR?_TAB_TO_USE?MAIN_CUBE_LEDS                   -----    -----      0017H    0009H      -----    -----

?PR?_CLEAR_CUBE?MAIN_CUBE_LEDS                   -----    -----      0017H    0003H      00CFH    0002H

?PR?_LUMINOSITE?MAIN_CUBE_LEDS                   -----    -----      0017H    0001H      -----    -----

?PR?_ANIM_BASE_UP?MAIN_CUBE_LEDS                 -----    -----      0017H    0003H      00CFH    0001H

?PR?_TABTOLAYER?MAIN_CUBE_LEDS                   -----    -----      0017H    0007H      00CFH    0001H

?PR?_ANIM_BASE_UP_DN?MAIN_CUBE_LEDS              0022H.0  0000H.1    0017H    0003H      -----    -----
  +--> ?PR?_DEPL_HAUTEUR?MAIN_CUBE_LEDS

?PR?_DEPL_HAUTEUR?MAIN_CUBE_LEDS                 0022H.1  0000H.1    001BH    0003H      00D1H    0002H

?PR?_TABTOFACE?MAIN_CUBE_LEDS                    -----    -----      0017H    0007H      00CFH    0001H

?PR?_ROTAT_H?MAIN_CUBE_LEDS                      0022H.0  0000H.1    0017H    0006H      00CFH    0003H

?PR?_ANIM_BASE_L_R?MAIN_CUBE_LEDS                0022H.0  0000H.1    0017H    0003H      -----    -----
  +--> ?PR?_DEPL_LARGEUR?MAIN_CUBE_LEDS

?PR?_DEPL_LARGEUR?MAIN_CUBE_LEDS                 0022H.1  0000H.1    001AH    0003H      00CFH    0002H

BL51 BANKED LINKER/LOCATER V6.11                                                      06/12/2012  19:56:17  PAGE 6


?PR?_ANIM_PLUIE?MAIN_CUBE_LEDS                   -----    -----      0017H    0004H      00CFH    0002H
  +--> ?PR?_DEPL_HAUTEUR?MAIN_CUBE_LEDS
  +--> ?PR?RAND?RAND

?PR?_CUBE_CAR?MAIN_CUBE_LEDS                     -----    -----      0017H    0005H      00CFH    0007H
  +--> ?CO?MAIN_CUBE_LEDS

?PR?_READ_RECEIVE_PACKET?F32X_USB_PRI...         -----    -----      0017H    0007H      -----    -----

?C_INITSEG                                       -----    -----      -----    -----      -----    -----
  +--> ?CO?F32X_USB_DESCRIPTOR



SYMBOL TABLE OF MODULE:  cube_leds (MAIN_CUBE_LEDS)

  VALUE           TYPE          NAME
  ----------------------------------

  -------         MODULE        MAIN_CUBE_LEDS
  C:0000H         SYMBOL        _ICE_DUMMY_
  D:00A2H         PUBLIC        SPI0CKR
  D:0080H         PUBLIC        P0
  B:0020H.3       PUBLIC        btn_ok
  D:0090H         PUBLIC        P1
  C:0036H         PUBLIC        SPIInit
  B:0090H.3       PUBLIC        Sw_ok
  X:01DAH         PUBLIC        time_global
  D:00E4H         PUBLIC        IT01CF
  C:12E5H         PUBLIC        str_usb_notdry
  C:0016H         PUBLIC        _Tab_to_use
  D:00A4H         PUBLIC        P0MDOUT
  D:00A5H         PUBLIC        P1MDOUT
  C:2731H         PUBLIC        Interrupt_Int0
  C:2F27H         PUBLIC        Interrupt_Int1
  D:00FCH         PUBLIC        PCA0CPH0
  D:00DAH         PUBLIC        PCA0CPM0
  D:00D9H         PUBLIC        PCA0MD
  D:00D8H         PUBLIC        PCA0CN
  C:12F6H         PUBLIC        str_usb_draw
  C:1A14H         PUBLIC        _Cube_car
  D:00E1H         PUBLIC        XBR0
  C:2F3BH         PUBLIC        Port_Init
  D:00E2H         PUBLIC        XBR1
  C:289BH         PUBLIC        _Copy_cube
  C:2D55H         PUBLIC        _anim_base_up_dn
  B:0020H.4       PUBLIC        flag_gestion_btn
  X:01DEH         PUBLIC        layer_cube
  C:0046H         PUBLIC        main
  B:00F8H.5       PUBLIC        MODF
  B:0020H.5       PUBLIC        memory_lock
  C:1308H         PUBLIC        _anim_pluie
  C:2EBFH         PUBLIC        Init_Timer0
  C:2A9BH         PUBLIC        _tabtoface
  D:00F8H         PUBLIC        SPI0CN
  C:12FDH         PUBLIC        str_usb_stop
  X:01DFH         PUBLIC        ptrledcube
BL51 BANKED LINKER/LOCATER V6.11                                                      06/12/2012  19:56:17  PAGE 7


  X:01E2H         PUBLIC        pwm_prechg
  C:1EAEH         PUBLIC        _Rd_coord_cube
  B:00F8H.7       PUBLIC        SPIF
  D:0089H         PUBLIC        TMOD
  B:00F8H.6       PUBLIC        WCOL
  C:12DDH         PUBLIC        str_usb_rdy
  C:10CAH         PUBLIC        FONT
  D:00D4H         PUBLIC        P0SKIP
  D:00D5H         PUBLIC        P1SKIP
  C:12F0H         PUBLIC        str_usb_pwm
  C:2C2EH         PUBLIC        _tabtolayer
  B:0088H.1       PUBLIC        IE0
  B:0088H.3       PUBLIC        IE1
  C:1304H         SYMBOL        _?ix1000
  C:25B4H         PUBLIC        _Or_cube
  C:2E1AH         PUBLIC        _anim_base_l_r
  C:1D45H         PUBLIC        _Wr_coord_cube
  B:00A8H.1       PUBLIC        ET0
  B:0088H.5       PUBLIC        TF0
  D:008CH         PUBLIC        TH0
  B:00A8H.0       PUBLIC        EX0
  B:0088H.0       PUBLIC        IT0
  B:0090H.1       PUBLIC        Micrel_out_en
  B:00A8H.2       PUBLIC        EX1
  B:0088H.2       PUBLIC        IT1
  C:2E82H         PUBLIC        _luminosite
  D:008AH         PUBLIC        TL0
  D:00F9H         PUBLIC        PCA0L
  B:0020H.6       PUBLIC        btn_prec
  C:2F4EH         PUBLIC        Init_Int0
  C:2F5DH         PUBLIC        Init_Int1
  B:0088H.4       PUBLIC        TR0
  B:00B8H.0       PUBLIC        PX0
  B:0090H.0       PUBLIC        L0_detect
  C:2633H         PUBLIC        _Depl_largeur
  C:12D5H         PUBLIC        logo_usb
  C:252CH         PUBLIC        Interrupt_Spi
  B:00A8H.6       PUBLIC        ESPI0
  C:1BB8H         PUBLIC        _Depl_profond
  C:12A5H         PUBLIC        anim_layer_on
  C:2A46H         PUBLIC        Interrupt_Timer0
  C:1864H         PUBLIC        _Depl_hauteur
  C:11C9H         PUBLIC        FONT2
  C:12ADH         PUBLIC        chiffre_0
  C:2B43H         PUBLIC        _Clear_cube
  C:290BH         PUBLIC        _anim_base_up
  C:12B5H         PUBLIC        chiffre_1
  C:12BDH         PUBLIC        chiffre_2
  B:0020H.7       PUBLIC        flag_pca_cmp_act
  C:12C5H         PUBLIC        chiffre_3
  D:00A1H         PUBLIC        SPI0CFG
  B:0021H.0       PUBLIC        btn_suiv
  C:12CDH         PUBLIC        chiffre_4
  D:008EH         PUBLIC        CKCON
  B:00F8H.4       PUBLIC        RXOVRN
  B:0090H.4       PUBLIC        Sw_suiv
  B:0021H.1       PUBLIC        flag_buffcube1
BL51 BANKED LINKER/LOCATER V6.11                                                      06/12/2012  19:56:17  PAGE 8


  C:14F9H         PUBLIC        _rotat_h
  D:00A3H         PUBLIC        SPI0DAT
  C:2F75H         PUBLIC        PCA0_Init
  B:0080H.3       PUBLIC        Micrel_strb
  -------         PROC          MAIN
  -------         DO            
  X:0000H         SYMBOL        cube_buffer1
  X:0040H         SYMBOL        cube_buffer2
  X:0080H         SYMBOL        buff_to_use
  X:0083H         SYMBOL        cube_buff3
  X:00C3H         SYMBOL        coordpt
  X:00C6H         SYMBOL        luminosite_buff
  X:00C7H         SYMBOL        i
  X:00C8H         SYMBOL        j
  X:00C9H         SYMBOL        menu
  B:0021H.3       SYMBOL        run_anim
  B:0021H.4       SYMBOL        new_menu
  B:0021H.5       SYMBOL        sens_anim_3
  X:00CAH         SYMBOL        first_menu
  X:00CEH         SYMBOL        mode_usb
  B:0021H.6       SYMBOL        usb_mode
  B:0021H.7       SYMBOL        first_usb
  -------         ENDDO         
  C:0046H         LINE#         148
  C:0046H         LINE#         149
  C:0046H         LINE#         155
  C:0054H         LINE#         163
  C:005AH         LINE#         164
  C:005FH         LINE#         167
  C:0061H         LINE#         169
  C:0067H         LINE#         171
  C:0079H         LINE#         175
  C:007EH         LINE#         176
  C:0080H         LINE#         177
  C:0082H         LINE#         181
  C:0085H         LINE#         182
  C:0088H         LINE#         184
  C:008BH         LINE#         185
  C:008EH         LINE#         186
  C:0091H         LINE#         187
  C:0094H         LINE#         188
  C:0097H         LINE#         189
  C:009AH         LINE#         190
  C:009DH         LINE#         194
  C:00A0H         LINE#         195
  C:00AEH         LINE#         198
  C:00B0H         LINE#         199
  C:00B2H         LINE#         203
  C:00C0H         LINE#         204
  C:00D4H         LINE#         205
  C:00E1H         LINE#         207
  C:00E3H         LINE#         208
  C:00E5H         LINE#         211
  C:0105H         LINE#         212
  C:0113H         LINE#         213
  C:0116H         LINE#         214
  C:012CH         LINE#         215
BL51 BANKED LINKER/LOCATER V6.11                                                      06/12/2012  19:56:17  PAGE 9


  C:0131H         LINE#         217
  C:0131H         LINE#         218
  C:0131H         LINE#         221
  C:0134H         LINE#         222
  C:0134H         LINE#         223
  C:0137H         LINE#         224
  C:0137H         LINE#         225
  C:0139H         LINE#         227
  C:013EH         LINE#         228
  C:0141H         LINE#         229
  C:0141H         LINE#         230
  C:0143H         LINE#         232
  C:0148H         LINE#         233
  C:0148H         LINE#         234
  C:0148H         LINE#         236
  C:014BH         LINE#         237
  C:014BH         LINE#         238
  C:014DH         LINE#         239
  C:0150H         LINE#         240
  C:0150H         LINE#         242
  C:0155H         LINE#         243
  C:0157H         LINE#         244
  C:0159H         LINE#         245
  C:015BH         LINE#         247
  C:015BH         LINE#         249
  C:016EH         LINE#         250
  C:0170H         LINE#         251
  C:0170H         LINE#         252
  C:0172H         LINE#         254
  C:0175H         LINE#         255
  C:0175H         LINE#         256
  C:0177H         LINE#         258
  C:017AH         LINE#         259
  C:017AH         LINE#         261
  C:017FH         LINE#         262
  C:0181H         LINE#         263
  C:0183H         LINE#         264
  C:0185H         LINE#         265
  C:018BH         LINE#         266
  C:018BH         LINE#         268
  C:019BH         LINE#         269
  C:019DH         LINE#         270
  C:019FH         LINE#         272
  C:019FH         LINE#         273
  C:01A5H         LINE#         274
  C:01A7H         LINE#         275
  C:01A7H         LINE#         276
  C:01A7H         LINE#         277
  C:01A7H         LINE#         286
  C:01ADH         LINE#         287
  C:01ADH         LINE#         289
  C:01CAH         LINE#         290
  C:01CAH         LINE#         291
  C:01CAH         LINE#         293
  C:01E7H         LINE#         294
  C:01E7H         LINE#         295
  C:01F1H         LINE#         297
BL51 BANKED LINKER/LOCATER V6.11                                                      06/12/2012  19:56:17  PAGE 10


  C:0211H         LINE#         298
  C:021AH         LINE#         299
  C:021AH         LINE#         300
  C:0228H         LINE#         301
  C:0228H         LINE#         302
  C:0236H         LINE#         304
  C:0239H         LINE#         306
  C:024FH         LINE#         307
  C:0254H         LINE#         308
  C:0254H         LINE#         310
  C:0257H         LINE#         312
  C:0257H         LINE#         314
  C:0274H         LINE#         315
  C:0274H         LINE#         316
  C:027EH         LINE#         318
  C:029EH         LINE#         319
  C:02AEH         LINE#         320
  C:02AEH         LINE#         321
  C:02BCH         LINE#         323
  C:02E0H         LINE#         324
  C:02FEH         LINE#         326
  C:0310H         LINE#         327
  C:0312H         LINE#         329
  C:0312H         LINE#         331
  C:0330H         LINE#         332
  C:0330H         LINE#         335
  C:0333H         LINE#         337
  C:0349H         LINE#         339
  C:034EH         LINE#         340
  C:034EH         LINE#         341
  C:0351H         LINE#         342
  C:0351H         LINE#         343
  C:036EH         LINE#         344
  C:036EH         LINE#         345
  C:0378H         LINE#         347
  C:0398H         LINE#         348
  C:03AEH         LINE#         349
  C:03AEH         LINE#         350
  C:03BCH         LINE#         351
  C:03C5H         LINE#         353
  C:03DAH         LINE#         355
  C:03FDH         LINE#         356
  C:041EH         LINE#         358
  C:0430H         LINE#         359
  C:0432H         LINE#         361
  C:0432H         LINE#         362
  C:0453H         LINE#         363
  C:0453H         LINE#         365
  C:0456H         LINE#         367
  C:046CH         LINE#         368
  C:0471H         LINE#         369
  C:0471H         LINE#         371
  C:0474H         LINE#         372
  C:0474H         LINE#         373
  C:048AH         LINE#         374
  C:048AH         LINE#         375
  C:049CH         LINE#         376
BL51 BANKED LINKER/LOCATER V6.11                                                      06/12/2012  19:56:17  PAGE 11


  C:04A2H         LINE#         379
  C:04C2H         LINE#         381
  C:04D0H         LINE#         382
  C:04D0H         LINE#         383
  C:04DCH         LINE#         384
  C:04DCH         LINE#         385
  C:0502H         LINE#         386
  C:050AH         LINE#         387
  C:0512H         LINE#         389
  C:0515H         LINE#         391
  C:052BH         LINE#         393
  C:0530H         LINE#         394
  C:0533H         LINE#         396
  C:0533H         LINE#         397
  C:0550H         LINE#         398
  C:0550H         LINE#         399
  C:055AH         LINE#         400
  C:0562H         LINE#         403
  C:056BH         LINE#         404
  C:056FH         LINE#         405
  C:0575H         LINE#         406
  C:0577H         LINE#         408
  C:057AH         LINE#         409
  C:0583H         LINE#         411
  C:0589H         LINE#         412
  C:0589H         LINE#         413
  C:0589H         LINE#         414
  C:058CH         LINE#         415
  C:058CH         LINE#         416
  C:05A9H         LINE#         417
  C:05A9H         LINE#         418
  C:05B3H         LINE#         420
  C:05D3H         LINE#         421
  C:05EAH         LINE#         422
  C:05EAH         LINE#         423
  C:05F8H         LINE#         425
  C:060AH         LINE#         426
  C:060AH         LINE#         427
  C:061AH         LINE#         430
  C:061DH         LINE#         432
  C:0633H         LINE#         433
  C:0638H         LINE#         434
  C:0638H         LINE#         435
  C:063BH         LINE#         436
  C:063BH         LINE#         437
  C:0641H         LINE#         438
  C:0641H         LINE#         440
  C:0661H         LINE#         441
  C:066FH         LINE#         442
  C:0682H         LINE#         443
  C:0695H         LINE#         444
  C:06A8H         LINE#         445
  C:06BBH         LINE#         447
  C:06CBH         LINE#         449
  C:06CEH         LINE#         451
  C:06E4H         LINE#         453
  C:06E9H         LINE#         454
BL51 BANKED LINKER/LOCATER V6.11                                                      06/12/2012  19:56:17  PAGE 12


  C:06EBH         LINE#         455
  C:06EBH         LINE#         456
  C:06EEH         LINE#         457
  C:06EEH         LINE#         458
  C:06EEH         LINE#         459
  C:06F4H         LINE#         460
  C:06F4H         LINE#         461
  C:0706H         LINE#         462
  C:0718H         LINE#         463
  C:072AH         LINE#         464
  C:073CH         LINE#         465
  C:074EH         LINE#         466
  C:0760H         LINE#         469
  C:0780H         LINE#         470
  C:078EH         LINE#         472
  C:07ABH         LINE#         473
  C:07ABH         LINE#         474
  C:07ABH         LINE#         476
  C:07CFH         LINE#         477
  C:07F3H         LINE#         479
  C:07F6H         LINE#         481
  C:080CH         LINE#         483
  C:0811H         LINE#         485
  C:0814H         LINE#         487
  C:0814H         LINE#         489
  C:0838H         LINE#         490
  C:085CH         LINE#         492
  C:085FH         LINE#         494
  C:0875H         LINE#         496
  C:087AH         LINE#         498
  C:087DH         LINE#         499
  C:087DH         LINE#         501
  C:08A1H         LINE#         502
  C:08C5H         LINE#         504
  C:08C8H         LINE#         506
  C:08DEH         LINE#         508
  C:08E3H         LINE#         510
  C:08E6H         LINE#         511
  C:08E6H         LINE#         513
  C:090AH         LINE#         514
  C:092EH         LINE#         516
  C:0931H         LINE#         518
  C:0947H         LINE#         520
  C:094CH         LINE#         522
  C:094FH         LINE#         523
  C:094FH         LINE#         525
  C:0973H         LINE#         526
  C:0997H         LINE#         528
  C:099AH         LINE#         530
  C:09B0H         LINE#         532
  C:09B5H         LINE#         534
  C:09B7H         LINE#         535
  C:09B7H         LINE#         537
  C:09DBH         LINE#         538
  C:09FFH         LINE#         540
  C:0A02H         LINE#         542
  C:0A18H         LINE#         544
BL51 BANKED LINKER/LOCATER V6.11                                                      06/12/2012  19:56:17  PAGE 13


  C:0A1DH         LINE#         546
  C:0A1DH         LINE#         547
  C:0A1DH         LINE#         548
  C:0A1FH         LINE#         549
  C:0A1FH         LINE#         562
  C:0A25H         LINE#         563
  C:0A25H         LINE#         565
  C:0A27H         LINE#         567
  C:0A2AH         LINE#         568
  C:0A2AH         LINE#         570
  C:0A39H         LINE#         572
  C:0A46H         LINE#         573
  C:0A48H         LINE#         574
  C:0A48H         LINE#         577
  C:0A4EH         LINE#         578
  C:0A4EH         LINE#         580
  C:0A5BH         LINE#         582
  C:0A63H         LINE#         584
  C:0A6CH         LINE#         585
  C:0A6CH         LINE#         587
  C:0A7EH         LINE#         588
  C:0A7EH         LINE#         589
  C:0A83H         LINE#         590
  C:0A86H         LINE#         592
  C:0A98H         LINE#         593
  C:0A98H         LINE#         594
  C:0A9EH         LINE#         595
  C:0AA1H         LINE#         597
  C:0AB6H         LINE#         598
  C:0AB6H         LINE#         600
  C:0AC5H         LINE#         602
  C:0AD2H         LINE#         603
  C:0AD7H         LINE#         605
  C:0ADDH         LINE#         606
  C:0AE2H         LINE#         607
  C:0AE4H         LINE#         608
  C:0AE6H         LINE#         609
  C:0AE8H         LINE#         610
  C:0AEAH         LINE#         612
  C:0AECH         LINE#         613
  C:0AECH         LINE#         614
  C:0AEFH         LINE#         616
  C:0AEFH         LINE#         617
  C:0B00H         LINE#         618
  C:0B00H         LINE#         619
  C:0B00H         LINE#         621
  C:0B20H         LINE#         623
  C:0B2EH         LINE#         624
  C:0B2EH         LINE#         625
  C:0B3AH         LINE#         626
  C:0B3AH         LINE#         628
  C:0B82H         LINE#         629
  C:0B8AH         LINE#         630
  C:0B92H         LINE#         633
  C:0B95H         LINE#         635
  C:0BABH         LINE#         637
  C:0BB0H         LINE#         639
BL51 BANKED LINKER/LOCATER V6.11                                                      06/12/2012  19:56:17  PAGE 14


  C:0BB5H         LINE#         640
  C:0BB7H         LINE#         642
  C:0BB7H         LINE#         644
  C:0BBCH         LINE#         645
  C:0BCDH         LINE#         646
  C:0BDEH         LINE#         647
  C:0BEBH         LINE#         650
  C:0BF0H         LINE#         652
  C:0BF5H         LINE#         653
  C:0BF5H         LINE#         654
  C:0BF5H         LINE#         655
  C:0BF5H         LINE#         656
  C:0BF7H         LINE#         657
  C:0BF7H         LINE#         658
  C:0BF7H         LINE#         663
  -------         ENDPROC       MAIN
  -------         PROC          PORT_INIT
  C:2F3BH         LINE#         674
  C:2F3BH         LINE#         675
  C:2F3BH         LINE#         701
  C:2F3EH         LINE#         702
  C:2F41H         LINE#         704
  C:2F44H         LINE#         705
  C:2F47H         LINE#         707
  C:2F4AH         LINE#         708
  C:2F4DH         LINE#         710
  -------         ENDPROC       PORT_INIT
  -------         PROC          SPIINIT
  C:0036H         LINE#         726
  C:0036H         LINE#         727
  C:0036H         LINE#         737
  C:0039H         LINE#         748
  C:003CH         LINE#         751
  C:003FH         LINE#         753
  C:0041H         LINE#         754
  -------         ENDPROC       SPIINIT
  -------         PROC          PCA0_INIT
  C:2F75H         LINE#         764
  C:2F75H         LINE#         765
  C:2F75H         LINE#         766
  C:2F78H         LINE#         767
  C:2F7BH         LINE#         768
  -------         ENDPROC       PCA0_INIT
  -------         PROC          INIT_INT0
  C:2F4EH         LINE#         780
  C:2F4EH         LINE#         781
  C:2F4EH         LINE#         784
  C:2F50H         LINE#         786
  C:2F52H         LINE#         787
  C:2F55H         LINE#         791
  C:2F58H         LINE#         792
  C:2F5AH         LINE#         793
  C:2F5CH         LINE#         795
  -------         ENDPROC       INIT_INT0
  -------         PROC          INIT_INT1
  C:2F5DH         LINE#         806
  C:2F5DH         LINE#         807
BL51 BANKED LINKER/LOCATER V6.11                                                      06/12/2012  19:56:17  PAGE 15


  C:2F5DH         LINE#         810
  C:2F5FH         LINE#         812
  C:2F61H         LINE#         813
  C:2F64H         LINE#         817
  C:2F67H         LINE#         818
  C:2F69H         LINE#         819
  C:2F6BH         LINE#         821
  -------         ENDPROC       INIT_INT1
  -------         PROC          INTERRUPT_SPI
  -------         DO            
  D:0061H         SYMBOL        cpt
  -------         ENDDO         
  C:252CH         LINE#         834
  C:2543H         LINE#         840
  C:2546H         LINE#         841
  C:2546H         LINE#         842
  C:254DH         LINE#         843
  C:254DH         LINE#         845
  C:2574H         LINE#         846
  C:2576H         LINE#         847
  C:2578H         LINE#         849
  C:2578H         LINE#         851
  C:257BH         LINE#         854
  C:257DH         LINE#         855
  C:257FH         LINE#         856
  C:2581H         LINE#         858
  C:2584H         LINE#         859
  C:2584H         LINE#         860
  C:258AH         LINE#         861
  C:258CH         LINE#         863
  C:258CH         LINE#         865
  C:258FH         LINE#         866
  C:258FH         LINE#         869
  C:2592H         LINE#         870
  C:2595H         LINE#         871
  C:2597H         LINE#         872
  C:2597H         LINE#         873
  C:2597H         LINE#         875
  C:2599H         LINE#         876
  C:259BH         LINE#         877
  C:259DH         LINE#         878
  C:259FH         LINE#         879
  -------         ENDPROC       INTERRUPT_SPI
  -------         PROC          INTERRUPT_INT0
  -------         DO            
  B:0020H.0       SYMBOL        clk_sync
  D:0062H         SYMBOL        clk_count
  D:0008H         SYMBOL        nop
  -------         ENDDO         
  C:2731H         LINE#         892
  C:2744H         LINE#         901
  C:2747H         LINE#         902
  C:2749H         LINE#         903
  C:274CH         LINE#         904
  C:274FH         LINE#         907
  C:2752H         LINE#         908
  C:2752H         LINE#         909
BL51 BANKED LINKER/LOCATER V6.11                                                      06/12/2012  19:56:17  PAGE 16


  C:275CH         LINE#         910
  C:275CH         LINE#         911
  C:2760H         LINE#         912
  C:2760H         LINE#         919
  C:276DH         LINE#         920
  C:276DH         LINE#         921
  C:276FH         LINE#         922
  C:2772H         LINE#         923
  C:2772H         LINE#         925
  C:2775H         LINE#         926
  C:2775H         LINE#         927
  C:277CH         LINE#         928
  C:277CH         LINE#         929
  C:277FH         LINE#         930
  C:277FH         LINE#         932
  C:2785H         LINE#         934
  C:2787H         LINE#         937
  C:279BH         LINE#         938
  C:279BH         LINE#         940
  C:279DH         LINE#         942
  -------         ENDPROC       INTERRUPT_INT0
  -------         PROC          INTERRUPT_INT1
  C:2F27H         LINE#         956
  C:2F27H         LINE#         958
  C:2F2AH         LINE#         959
  C:2F2AH         LINE#         960
  C:2F2DH         LINE#         961
  C:2F31H         LINE#         962
  C:2F34H         LINE#         963
  C:2F38H         LINE#         965
  C:2F3AH         LINE#         966
  C:2F3AH         LINE#         967
  -------         ENDPROC       INTERRUPT_INT1
  -------         PROC          INTERRUPT_TIMER0
  C:2A46H         LINE#         979
  C:2A5DH         LINE#         984
  C:2A5FH         LINE#         985
  C:2A62H         LINE#         986
  C:2A65H         LINE#         987
  C:2A67H         LINE#         990
  C:2A86H         LINE#         993
  -------         ENDPROC       INTERRUPT_TIMER0
  -------         PROC          _CUBE_CAR
  D:0017H         SYMBOL        ptr_newcube
  D:001AH         SYMBOL        face_nb
  D:001BH         SYMBOL        caract
  -------         DO            
  X:00CFH         SYMBOL        i
  X:00D0H         SYMBOL        j
  X:00D1H         SYMBOL        pixelData
  -------         ENDDO         
  C:1A14H         LINE#         1007
  C:1A1CH         LINE#         1008
  C:1A1CH         LINE#         1014
  C:1A25H         LINE#         1015
  C:1A4CH         LINE#         1017
  C:1A55H         LINE#         1018
BL51 BANKED LINKER/LOCATER V6.11                                                      06/12/2012  19:56:17  PAGE 17


  C:1A7CH         LINE#         1021
  C:1A8FH         LINE#         1025
  C:1AA0H         LINE#         1026
  C:1AA0H         LINE#         1027
  C:1AB1H         LINE#         1028
  C:1AB1H         LINE#         1029
  C:1ABBH         LINE#         1030
  C:1B2FH         LINE#         1032
  C:1BA5H         LINE#         1034
  C:1BAEH         LINE#         1035
  C:1BB7H         LINE#         1036
  -------         ENDPROC       _CUBE_CAR
  -------         PROC          _ROTAT_H
  D:0017H         SYMBOL        ptr_ledcube
  D:001AH         SYMBOL        ptr_newcube
  B:0022H.0       SYMBOL        sens
  -------         DO            
  X:00CFH         SYMBOL        i
  X:00D0H         SYMBOL        j
  X:00D1H         SYMBOL        k
  -------         ENDDO         
  C:14F9H         LINE#         1050
  C:14FFH         LINE#         1052
  C:14FFH         LINE#         1059
  C:1505H         LINE#         1060
  C:1505H         LINE#         1061
  C:1516H         LINE#         1062
  C:1516H         LINE#         1063
  C:1525H         LINE#         1064
  C:1525H         LINE#         1065
  C:1534H         LINE#         1066
  C:1534H         LINE#         1067
  C:15C6H         LINE#         1069
  C:15CFH         LINE#         1070
  C:15D8H         LINE#         1071
  C:15E1H         LINE#         1072
  C:15E1H         LINE#         1074
  C:15E1H         LINE#         1075
  C:15F2H         LINE#         1076
  C:15F2H         LINE#         1077
  C:1601H         LINE#         1078
  C:1601H         LINE#         1079
  C:1610H         LINE#         1080
  C:1610H         LINE#         1081
  C:1694H         LINE#         1083
  C:169DH         LINE#         1084
  C:16A6H         LINE#         1085
  C:16AFH         LINE#         1086
  C:16AFH         LINE#         1087
  -------         ENDPROC       _ROTAT_H
  -------         PROC          _TABTOFACE
  D:0017H         SYMBOL        ptr_tab
  D:001AH         SYMBOL        ptr_newcube
  D:001DH         SYMBOL        face_nb
  -------         DO            
  X:00CFH         SYMBOL        i
  -------         ENDDO         
BL51 BANKED LINKER/LOCATER V6.11                                                      06/12/2012  19:56:17  PAGE 18


  C:2A9BH         LINE#         1098
  C:2AA1H         LINE#         1100
  C:2AA1H         LINE#         1105
  C:2AAFH         LINE#         1106
  C:2AAFH         LINE#         1107
  C:2AE7H         LINE#         1108
  C:2AEFH         LINE#         1109
  -------         ENDPROC       _TABTOFACE
  -------         PROC          _TABTOLAYER
  D:0017H         SYMBOL        ptr_tab
  D:001AH         SYMBOL        ptr_newcube
  D:001DH         SYMBOL        etage_nb
  -------         DO            
  X:00CFH         SYMBOL        i
  -------         ENDDO         
  C:2C2EH         LINE#         1122
  C:2C34H         LINE#         1124
  C:2C34H         LINE#         1129
  C:2C42H         LINE#         1130
  C:2C42H         LINE#         1131
  C:2C71H         LINE#         1132
  C:2C79H         LINE#         1133
  -------         ENDPROC       _TABTOLAYER
  -------         PROC          _ANIM_BASE_UP
  D:0017H         SYMBOL        ptr_newcube
  -------         DO            
  X:00CFH         SYMBOL        i
  X:01D6H         SYMBOL        cpt
  -------         ENDDO         
  C:290BH         LINE#         1144
  C:2911H         LINE#         1145
  C:2911H         LINE#         1151
  C:291FH         LINE#         1152
  C:291FH         LINE#         1154
  C:293EH         LINE#         1155
  C:2968H         LINE#         1157
  C:2970H         LINE#         1159
  C:2978H         LINE#         1161
  -------         ENDPROC       _ANIM_BASE_UP
  -------         PROC          _ANIM_BASE_UP_DN
  D:0017H         SYMBOL        ptr_newcube
  B:0022H.0       SYMBOL        new
  -------         DO            
  X:01D7H         SYMBOL        cpt
  B:0020H.1       SYMBOL        sens
  -------         ENDDO         
  C:2D55H         LINE#         1173
  C:2D5BH         LINE#         1174
  C:2D5BH         LINE#         1182
  C:2D5EH         LINE#         1183
  C:2D5EH         LINE#         1184
  C:2D63H         LINE#         1185
  C:2D65H         LINE#         1186
  C:2D67H         LINE#         1188
  C:2D67H         LINE#         1189
  C:2D74H         LINE#         1190
  C:2D74H         LINE#         1192
BL51 BANKED LINKER/LOCATER V6.11                                                      06/12/2012  19:56:17  PAGE 19


  C:2D7BH         LINE#         1193
  C:2D7FH         LINE#         1194
  C:2D85H         LINE#         1195
  C:2D87H         LINE#         1197
  C:2D8AH         LINE#         1198
  C:2D91H         LINE#         1200
  C:2D97H         LINE#         1201
  -------         ENDPROC       _ANIM_BASE_UP_DN
  -------         PROC          _ANIM_BASE_L_R
  D:0017H         SYMBOL        ptr_newcube
  B:0022H.0       SYMBOL        new
  -------         DO            
  X:01D8H         SYMBOL        cpt
  B:0020H.2       SYMBOL        sens
  -------         ENDDO         
  C:2E1AH         LINE#         1212
  C:2E20H         LINE#         1213
  C:2E20H         LINE#         1220
  C:2E23H         LINE#         1221
  C:2E23H         LINE#         1222
  C:2E28H         LINE#         1223
  C:2E2AH         LINE#         1224
  C:2E2CH         LINE#         1226
  C:2E2CH         LINE#         1227
  C:2E39H         LINE#         1228
  C:2E39H         LINE#         1230
  C:2E40H         LINE#         1231
  C:2E40H         LINE#         1232
  C:2E45H         LINE#         1233
  C:2E47H         LINE#         1234
  C:2E47H         LINE#         1235
  C:2E4FH         LINE#         1237
  -------         ENDPROC       _ANIM_BASE_L_R
  -------         PROC          _ANIM_PLUIE
  D:0017H         SYMBOL        ptr_newcube
  D:001AH         SYMBOL        anim_nb
  -------         DO            
  X:00CFH         SYMBOL        i
  X:00D0H         SYMBOL        j
  X:01D9H         SYMBOL        cpt
  -------         ENDDO         
  C:1308H         LINE#         1250
  C:1310H         LINE#         1251
  C:1310H         LINE#         1258
  C:1322H         LINE#         1259
  C:1322H         LINE#         1260
  C:1322H         LINE#         1261
  C:1322H         LINE#         1262
  C:132DH         LINE#         1264
  C:133EH         LINE#         1265
  C:133EH         LINE#         1267
  C:135CH         LINE#         1268
  C:1364H         LINE#         1269
  C:1364H         LINE#         1270
  C:1364H         LINE#         1273
  C:1364H         LINE#         1275
  C:1372H         LINE#         1276
BL51 BANKED LINKER/LOCATER V6.11                                                      06/12/2012  19:56:17  PAGE 20


  C:1372H         LINE#         1277
  C:1380H         LINE#         1278
  C:1380H         LINE#         1280
  C:13BEH         LINE#         1281
  C:13C6H         LINE#         1282
  C:13CEH         LINE#         1284
  C:13D5H         LINE#         1285
  C:13D5H         LINE#         1286
  C:13E3H         LINE#         1287
  C:13E3H         LINE#         1289
  C:1401H         LINE#         1290
  C:1409H         LINE#         1291
  C:1409H         LINE#         1293
  C:1409H         LINE#         1295
  C:1409H         LINE#         1296
  C:140FH         LINE#         1297
  C:1410H         LINE#         1300
  C:1410H         LINE#         1304
  C:141EH         LINE#         1305
  C:141EH         LINE#         1306
  C:142CH         LINE#         1307
  C:142CH         LINE#         1309
  C:146AH         LINE#         1310
  C:1472H         LINE#         1311
  C:147AH         LINE#         1313
  C:1480H         LINE#         1315
  C:148CH         LINE#         1316
  C:148CH         LINE#         1318
  C:149AH         LINE#         1319
  C:149AH         LINE#         1321
  C:14B8H         LINE#         1322
  C:14C0H         LINE#         1323
  C:14C0H         LINE#         1324
  C:14C9H         LINE#         1325
  C:14C9H         LINE#         1326
  C:14CBH         LINE#         1327
  C:14CCH         LINE#         1329
  C:14CCH         LINE#         1330
  C:14DAH         LINE#         1331
  C:14DAH         LINE#         1332
  C:14F0H         LINE#         1333
  C:14F8H         LINE#         1334
  C:14F8H         LINE#         1335
  C:14F8H         LINE#         1336
  C:14F8H         LINE#         1337
  -------         ENDPROC       _ANIM_PLUIE
  -------         PROC          _COPY_CUBE
  D:0042H         SYMBOL        tab_src
  D:0045H         SYMBOL        tab_dst
  -------         DO            
  X:01E9H         SYMBOL        i
  X:01EAH         SYMBOL        j
  -------         ENDDO         
  C:289BH         LINE#         1349
  C:28A1H         LINE#         1350
  C:28A1H         LINE#         1355
  C:28AFH         LINE#         1356
BL51 BANKED LINKER/LOCATER V6.11                                                      06/12/2012  19:56:17  PAGE 21


  C:28AFH         LINE#         1357
  C:28BBH         LINE#         1358
  C:28BBH         LINE#         1359
  C:28FAH         LINE#         1360
  C:2902H         LINE#         1361
  C:290AH         LINE#         1362
  -------         ENDPROC       _COPY_CUBE
  -------         PROC          _OR_CUBE
  D:0048H         SYMBOL        tab_src
  D:004BH         SYMBOL        tab_dst
  -------         DO            
  X:01EBH         SYMBOL        i
  X:01ECH         SYMBOL        j
  -------         ENDDO         
  C:25B4H         LINE#         1375
  C:25BAH         LINE#         1376
  C:25BAH         LINE#         1381
  C:25C8H         LINE#         1382
  C:25C8H         LINE#         1383
  C:25D4H         LINE#         1384
  C:25D4H         LINE#         1385
  C:2622H         LINE#         1386
  C:262AH         LINE#         1387
  C:2632H         LINE#         1388
  -------         ENDPROC       _OR_CUBE
  -------         PROC          _CLEAR_CUBE
  D:0017H         SYMBOL        ptr_tab
  -------         DO            
  X:00CFH         SYMBOL        i
  X:00D0H         SYMBOL        j
  -------         ENDDO         
  C:2B43H         LINE#         1399
  C:2B49H         LINE#         1400
  C:2B49H         LINE#         1405
  C:2B57H         LINE#         1406
  C:2B57H         LINE#         1407
  C:2B63H         LINE#         1408
  C:2B63H         LINE#         1409
  C:2B81H         LINE#         1410
  C:2B89H         LINE#         1411
  C:2B91H         LINE#         1412
  -------         ENDPROC       _CLEAR_CUBE
  -------         PROC          _WR_COORD_CUBE
  D:004EH         SYMBOL        ptr_coord
  B:0022H.2       SYMBOL        state
  D:0051H         SYMBOL        ptr_tab
  -------         DO            
  X:01E3H         SYMBOL        x
  X:01E4H         SYMBOL        y
  X:01E5H         SYMBOL        z
  -------         ENDDO         
  C:1D45H         LINE#         1428
  C:1D4BH         LINE#         1429
  C:1D4BH         LINE#         1430
  C:1D52H         LINE#         1431
  C:1D5CH         LINE#         1432
  C:1D66H         LINE#         1435
BL51 BANKED LINKER/LOCATER V6.11                                                      06/12/2012  19:56:17  PAGE 22


  C:1DC8H         LINE#         1436
  C:1DC8H         LINE#         1437
  C:1DEAH         LINE#         1438
  C:1E05H         LINE#         1439
  C:1E25H         LINE#         1440
  C:1E28H         LINE#         1441
  C:1E28H         LINE#         1442
  C:1E68H         LINE#         1443
  C:1E69H         LINE#         1445
  C:1E69H         LINE#         1446
  C:1EADH         LINE#         1447
  C:1EADH         LINE#         1448
  C:1EADH         LINE#         1449
  -------         ENDPROC       _WR_COORD_CUBE
  -------         PROC          _RD_COORD_CUBE
  D:0054H         SYMBOL        ptr_coord
  D:0057H         SYMBOL        ptr_tab
  -------         DO            
  X:01E6H         SYMBOL        x
  X:01E7H         SYMBOL        y
  X:01E8H         SYMBOL        z
  -------         ENDDO         
  C:1EAEH         LINE#         1464
  C:1EB4H         LINE#         1465
  C:1EB4H         LINE#         1466
  C:1EBBH         LINE#         1467
  C:1EC5H         LINE#         1468
  C:1ECFH         LINE#         1471
  C:1F31H         LINE#         1472
  C:1F31H         LINE#         1473
  C:1F53H         LINE#         1474
  C:1F6EH         LINE#         1475
  C:1F8EH         LINE#         1477
  C:1FDAH         LINE#         1478
  C:1FDAH         LINE#         1479
  -------         ENDPROC       _RD_COORD_CUBE
  -------         PROC          _LUMINOSITE
  D:0017H         SYMBOL        lum
  C:2E82H         LINE#         1492
  C:2E84H         LINE#         1493
  C:2E84H         LINE#         1494
  C:2E97H         LINE#         1496
  C:2E9CH         LINE#         1497
  C:2E9CH         LINE#         1498
  C:2E9EH         LINE#         1499
  C:2E9FH         LINE#         1501
  C:2E9FH         LINE#         1502
  C:2EA1H         LINE#         1503
  C:2EA1H         LINE#         1504
  -------         ENDPROC       _LUMINOSITE
  -------         PROC          INIT_TIMER0
  C:2EBFH         LINE#         1514
  C:2EBFH         LINE#         1515
  C:2EBFH         LINE#         1517
  C:2EC1H         LINE#         1518
  C:2EC3H         LINE#         1521
  C:2EC6H         LINE#         1526
BL51 BANKED LINKER/LOCATER V6.11                                                      06/12/2012  19:56:17  PAGE 23


  C:2EC9H         LINE#         1528
  C:2ECCH         LINE#         1533
  C:2ECFH         LINE#         1535
  C:2ED2H         LINE#         1536
  C:2ED5H         LINE#         1539
  C:2ED7H         LINE#         1540
  C:2ED9H         LINE#         1542
  -------         ENDPROC       INIT_TIMER0
  -------         PROC          _TAB_TO_USE
  D:0017H         SYMBOL        working_add
  D:001AH         SYMBOL        ptrbuff1
  D:001DH         SYMBOL        ptrbuff2
  C:0016H         LINE#         1555
  C:001CH         LINE#         1557
  C:001CH         LINE#         1558
  C:001FH         LINE#         1559
  C:001FH         LINE#         1560
  C:0028H         LINE#         1561
  C:0029H         LINE#         1563
  C:0029H         LINE#         1564
  C:0032H         LINE#         1565
  C:0032H         LINE#         1566
  -------         ENDPROC       _TAB_TO_USE
  -------         PROC          _DEPL_PROFOND
  D:005EH         SYMBOL        ptr_newcube
  B:0022H.3       SYMBOL        sens
  -------         DO            
  X:01EDH         SYMBOL        i
  X:01EEH         SYMBOL        j
  -------         ENDDO         
  C:1BB8H         LINE#         1579
  C:1BBEH         LINE#         1580
  C:1BBEH         LINE#         1585
  C:1BD1H         LINE#         1586
  C:1BD1H         LINE#         1587
  C:1BD7H         LINE#         1588
  C:1BD7H         LINE#         1589
  C:1BE8H         LINE#         1590
  C:1BE8H         LINE#         1591
  C:1BECH         LINE#         1592
  C:1BECH         LINE#         1594
  C:1C17H         LINE#         1595
  C:1C19H         LINE#         1597
  C:1C19H         LINE#         1598
  C:1C7EH         LINE#         1599
  C:1C7EH         LINE#         1600
  C:1C87H         LINE#         1601
  C:1C87H         LINE#         1603
  C:1C87H         LINE#         1604
  C:1C9BH         LINE#         1605
  C:1C9BH         LINE#         1606
  C:1C9EH         LINE#         1607
  C:1C9EH         LINE#         1608
  C:1CCAH         LINE#         1609
  C:1CCCH         LINE#         1611
  C:1CCCH         LINE#         1612
  C:1D32H         LINE#         1613
BL51 BANKED LINKER/LOCATER V6.11                                                      06/12/2012  19:56:17  PAGE 24


  C:1D32H         LINE#         1614
  C:1D3BH         LINE#         1615
  C:1D3BH         LINE#         1616
  C:1D44H         LINE#         1617
  -------         ENDPROC       _DEPL_PROFOND
  -------         PROC          _DEPL_LARGEUR
  D:001AH         SYMBOL        ptr_newcube
  B:0022H.1       SYMBOL        sens
  -------         DO            
  X:00CFH         SYMBOL        i
  X:00D0H         SYMBOL        j
  -------         ENDDO         
  C:2633H         LINE#         1630
  C:2639H         LINE#         1631
  C:2639H         LINE#         1636
  C:2647H         LINE#         1637
  C:2647H         LINE#         1638
  C:2653H         LINE#         1639
  C:2653H         LINE#         1640
  C:2656H         LINE#         1641
  C:2656H         LINE#         1642
  C:2679H         LINE#         1643
  C:267BH         LINE#         1645
  C:267BH         LINE#         1646
  C:26A1H         LINE#         1647
  C:26A1H         LINE#         1648
  C:26A9H         LINE#         1649
  C:26B1H         LINE#         1650
  -------         ENDPROC       _DEPL_LARGEUR
  -------         PROC          _DEPL_HAUTEUR
  D:001BH         SYMBOL        ptr_newcube
  B:0022H.1       SYMBOL        sens
  -------         DO            
  X:00D1H         SYMBOL        i
  X:00D2H         SYMBOL        j
  -------         ENDDO         
  C:1864H         LINE#         1662
  C:186AH         LINE#         1663
  C:186AH         LINE#         1667
  C:1870H         LINE#         1668
  C:1870H         LINE#         1669
  C:1883H         LINE#         1670
  C:1883H         LINE#         1671
  C:1894H         LINE#         1672
  C:1894H         LINE#         1673
  C:189BH         LINE#         1674
  C:18CAH         LINE#         1676
  C:192FH         LINE#         1677
  C:1938H         LINE#         1678
  C:1941H         LINE#         1679
  C:1941H         LINE#         1681
  C:1941H         LINE#         1682
  C:1955H         LINE#         1683
  C:1955H         LINE#         1684
  C:1966H         LINE#         1685
  C:1966H         LINE#         1686
  C:196CH         LINE#         1687
BL51 BANKED LINKER/LOCATER V6.11                                                      06/12/2012  19:56:17  PAGE 25


  C:199BH         LINE#         1689
  C:1A01H         LINE#         1690
  C:1A0AH         LINE#         1691
  C:1A13H         LINE#         1692
  C:1A13H         LINE#         1693
  -------         ENDPROC       _DEPL_HAUTEUR
  -------         ENDMOD        MAIN_CUBE_LEDS

  -------         MODULE        F32X_USB_DESCRIPTOR
  C:0000H         SYMBOL        _ICE_DUMMY_
  C:21D4H         PUBLIC        HidDesc
  C:21EBH         PUBLIC        HidReportDesc
  C:21CBH         PUBLIC        InterfaceDesc
  C:2206H         PUBLIC        String0Desc
  C:220AH         PUBLIC        String1Desc
  C:221CH         PUBLIC        String2Desc
  C:223CH         PUBLIC        String3Desc
  C:21B0H         PUBLIC        DeviceDesc
  C:21C2H         PUBLIC        ConfigDesc
  D:0036H         PUBLIC        StringDescTable
  C:21DDH         PUBLIC        Endpoint1Desc
  C:21E4H         PUBLIC        Endpoint2Desc
  -------         ENDMOD        F32X_USB_DESCRIPTOR

  -------         MODULE        F32X_USB_ISR
  C:0000H         SYMBOL        _ICE_DUMMY_
  C:2F6CH         PUBLIC        Usb_Resume
  C:2D98H         PUBLIC        Get_Report
  B:0022H.4       PUBLIC        fNewData
  C:2F0FH         PUBLIC        Usb_Reset
  D:0023H         PUBLIC        Setup
  D:002BH         PUBLIC        DataSent
  C:2979H         PUBLIC        Handle_In1
  D:002DH         PUBLIC        DataSize
  C:26B2H         PUBLIC        Handle_Out2
  D:002FH         PUBLIC        Ep_Status
  D:0032H         PUBLIC        DataPtr
  C:16B0H         PUBLIC        Handle_Setup
  D:0035H         PUBLIC        USB_State
  C:2EF5H         PUBLIC        Force_Stall
  C:240EH         PUBLIC        _Fifo_Read
  C:000AH         PUBLIC        Usb_Suspend
  X:00D6H         PUBLIC        In_Packet
  D:0096H         PUBLIC        USB0ADR
  C:2C7AH         PUBLIC        _Fifo_Write
  X:0116H         PUBLIC        Out_Packet
  D:0097H         PUBLIC        USB0DAT
  C:2250H         PUBLIC        Usb_ISR
  -------         PROC          USB_ISR
  -------         DO            
  D:0009H         SYMBOL        bCommon
  D:000AH         SYMBOL        bIn
  D:000BH         SYMBOL        bOut
  -------         ENDDO         
  C:2250H         LINE#         61
  C:226DH         LINE#         64
  C:227DH         LINE#         65
BL51 BANKED LINKER/LOCATER V6.11                                                      06/12/2012  19:56:17  PAGE 26


  C:228DH         LINE#         66
  C:229DH         LINE#         67
  C:229DH         LINE#         68
  C:22A2H         LINE#         69
  C:22A2H         LINE#         70
  C:22A5H         LINE#         71
  C:22A5H         LINE#         72
  C:22AAH         LINE#         73
  C:22AAH         LINE#         74
  C:22ADH         LINE#         75
  C:22ADH         LINE#         76
  C:22B2H         LINE#         77
  C:22B2H         LINE#         78
  C:22B5H         LINE#         79
  C:22B5H         LINE#         80
  C:22BAH         LINE#         81
  C:22BAH         LINE#         82
  C:22BDH         LINE#         83
  C:22BDH         LINE#         84
  C:22C2H         LINE#         85
  C:22C2H         LINE#         86
  C:22C5H         LINE#         87
  C:22C5H         LINE#         88
  C:22CAH         LINE#         89
  C:22CAH         LINE#         90
  C:22CDH         LINE#         91
  C:22CDH         LINE#         92
  C:22CDH         LINE#         93
  -------         ENDPROC       USB_ISR
  -------         PROC          USB_RESET
  C:2F0FH         LINE#         111
  C:2F0FH         LINE#         112
  C:2F0FH         LINE#         113
  C:2F12H         LINE#         115
  C:2F1DH         LINE#         118
  C:2F20H         LINE#         119
  C:2F23H         LINE#         120
  C:2F26H         LINE#         121
  -------         ENDPROC       USB_RESET
  -------         PROC          HANDLE_SETUP
  -------         DO            
  D:000CH         SYMBOL        ControlReg
  D:000DH         SYMBOL        TempReg
  -------         ENDDO         
  C:16B0H         LINE#         135
  C:16B0H         LINE#         136
  C:16B0H         LINE#         140
  C:16BBH         LINE#         141
  C:16CBH         LINE#         143
  C:16D0H         LINE#         145
  C:16D0H         LINE#         146
  C:16DBH         LINE#         147
  C:16DDH         LINE#         148
  C:16DDH         LINE#         150
  C:16E2H         LINE#         151
  C:16E2H         LINE#         152
  C:16EDH         LINE#         153
BL51 BANKED LINKER/LOCATER V6.11                                                      06/12/2012  19:56:17  PAGE 27


  C:16F0H         LINE#         155
  C:16F0H         LINE#         157
  C:16F5H         LINE#         158
  C:16F5H         LINE#         159
  C:1700H         LINE#         160
  C:170BH         LINE#         161
  C:170EH         LINE#         162
  C:170EH         LINE#         164
  C:1715H         LINE#         165
  C:1715H         LINE#         166
  C:171DH         LINE#         167
  C:171DH         LINE#         168
  C:172CH         LINE#         174
  C:173AH         LINE#         175
  C:1746H         LINE#         176
  C:1752H         LINE#         180
  C:175FH         LINE#         181
  C:175FH         LINE#         182
  C:176BH         LINE#         183
  C:176BH         LINE#         184
  C:176EH         LINE#         185
  C:1770H         LINE#         203
  C:1770H         LINE#         204
  C:1773H         LINE#         205
  C:1775H         LINE#         206
  C:1775H         LINE#         207
  C:1775H         LINE#         209
  C:1799H         LINE#         210
  C:1799H         LINE#         211
  C:1799H         LINE#         212
  C:179CH         LINE#         213
  C:179EH         LINE#         214
  C:179EH         LINE#         215
  C:17A1H         LINE#         216
  C:17A3H         LINE#         217
  C:17A3H         LINE#         218
  C:17A6H         LINE#         219
  C:17A8H         LINE#         220
  C:17A8H         LINE#         221
  C:17ABH         LINE#         222
  C:17ADH         LINE#         223
  C:17ADH         LINE#         224
  C:17B0H         LINE#         225
  C:17B2H         LINE#         226
  C:17B2H         LINE#         227
  C:17B5H         LINE#         228
  C:17B7H         LINE#         229
  C:17B7H         LINE#         230
  C:17BAH         LINE#         231
  C:17BCH         LINE#         232
  C:17BCH         LINE#         233
  C:17BFH         LINE#         234
  C:17C1H         LINE#         235
  C:17C1H         LINE#         236
  C:17C4H         LINE#         237
  C:17C6H         LINE#         238
  C:17C6H         LINE#         239
BL51 BANKED LINKER/LOCATER V6.11                                                      06/12/2012  19:56:17  PAGE 28


  C:17C9H         LINE#         240
  C:17C9H         LINE#         241
  C:17C9H         LINE#         243
  C:17C9H         LINE#         244
  C:17C9H         LINE#         245
  C:17C9H         LINE#         247
  C:17D2H         LINE#         248
  C:17D2H         LINE#         249
  C:17DAH         LINE#         250
  C:17DAH         LINE#         253
  C:17EAH         LINE#         256
  C:17F2H         LINE#         259
  C:17F2H         LINE#         260
  C:17F5H         LINE#         263
  C:1800H         LINE#         264
  C:1800H         LINE#         265
  C:180FH         LINE#         266
  C:181AH         LINE#         267
  C:1826H         LINE#         268
  C:1831H         LINE#         269
  C:1833H         LINE#         271
  C:1833H         LINE#         272
  C:1842H         LINE#         273
  C:1845H         LINE#         274
  C:1848H         LINE#         275
  C:1848H         LINE#         276
  C:1852H         LINE#         280
  C:1852H         LINE#         281
  C:1855H         LINE#         282
  C:1858H         LINE#         283
  C:1858H         LINE#         284
  C:1863H         LINE#         285
  C:1863H         LINE#         286
  C:1863H         LINE#         287
  C:1863H         LINE#         288
  -------         ENDPROC       HANDLE_SETUP
  -------         PROC          HANDLE_IN1
  -------         DO            
  D:000EH         SYMBOL        ControlReg
  -------         ENDDO         
  C:2979H         LINE#         302
  C:2979H         LINE#         303
  C:2979H         LINE#         306
  C:2984H         LINE#         307
  C:2994H         LINE#         309
  C:2999H         LINE#         311
  C:2999H         LINE#         312
  C:29A4H         LINE#         313
  C:29A5H         LINE#         317
  C:29A5H         LINE#         318
  C:29AAH         LINE#         320
  C:29AAH         LINE#         321
  C:29B5H         LINE#         322
  C:29B5H         LINE#         324
  C:29BAH         LINE#         325
  C:29BAH         LINE#         326
  C:29C5H         LINE#         327
BL51 BANKED LINKER/LOCATER V6.11                                                      06/12/2012  19:56:17  PAGE 29


  C:29C5H         LINE#         331
  C:29D4H         LINE#         332
  C:29DFH         LINE#         334
  C:29DFH         LINE#         335
  -------         ENDPROC       HANDLE_IN1
  -------         PROC          HANDLE_OUT2
  -------         DO            
  D:000CH         SYMBOL        Count
  D:000DH         SYMBOL        ControlReg
  -------         ENDDO         
  C:26B2H         LINE#         349
  C:26B2H         LINE#         350
  C:26B2H         LINE#         351
  C:26B5H         LINE#         354
  C:26C0H         LINE#         355
  C:26D0H         LINE#         357
  C:26D5H         LINE#         358
  C:26D5H         LINE#         359
  C:26E0H         LINE#         360
  C:26E1H         LINE#         363
  C:26E1H         LINE#         364
  C:26E6H         LINE#         366
  C:26E6H         LINE#         367
  C:26F1H         LINE#         368
  C:26F1H         LINE#         370
  C:2701H         LINE#         371
  C:2707H         LINE#         373
  C:2707H         LINE#         374
  C:2712H         LINE#         375
  C:2714H         LINE#         377
  C:2714H         LINE#         380
  C:2725H         LINE#         381
  C:2725H         LINE#         383
  C:2730H         LINE#         384
  C:2730H         LINE#         385
  -------         ENDPROC       HANDLE_OUT2
  -------         PROC          USB_SUSPEND
  C:000AH         LINE#         398
  C:000AH         LINE#         399
  C:000AH         LINE#         426
  -------         ENDPROC       USB_SUSPEND
  -------         PROC          USB_RESUME
  -------         DO            
  D:000CH         SYMBOL        k
  -------         ENDDO         
  C:2F6CH         LINE#         439
  C:2F6CH         LINE#         440
  C:2F6CH         LINE#         443
  C:2F74H         LINE#         445
  -------         ENDPROC       USB_RESUME
  -------         PROC          _FIFO_READ
  D:000EH         SYMBOL        addr
  D:000FH         SYMBOL        uNumBytes
  D:0011H         SYMBOL        pData
  -------         DO            
  D:0014H         SYMBOL        i
  B:0021H.2       SYMBOL        DataChange
BL51 BANKED LINKER/LOCATER V6.11                                                      06/12/2012  19:56:17  PAGE 30


  D:0016H         SYMBOL        BufferData
  -------         ENDDO         
  C:240EH         LINE#         462
  C:241AH         LINE#         463
  C:241AH         LINE#         466
  C:241CH         LINE#         470
  C:2422H         LINE#         471
  C:2422H         LINE#         472
  C:2425H         LINE#         473
  C:2428H         LINE#         477
  C:2440H         LINE#         478
  C:2440H         LINE#         479
  C:2445H         LINE#         480
  C:2448H         LINE#         482
  C:245BH         LINE#         483
  C:245BH         LINE#         484
  C:245DH         LINE#         485
  C:2468H         LINE#         486
  C:2468H         LINE#         487
  C:2472H         LINE#         489
  C:2475H         LINE#         492
  C:247AH         LINE#         493
  C:247DH         LINE#         496
  C:2490H         LINE#         497
  C:2490H         LINE#         498
  C:2492H         LINE#         499
  C:249DH         LINE#         500
  C:249DH         LINE#         501
  C:249DH         LINE#         503
  C:249FH         LINE#         504
  -------         ENDPROC       _FIFO_READ
  -------         PROC          _FIFO_WRITE
  D:000FH         SYMBOL        addr
  D:0010H         SYMBOL        uNumBytes
  D:0012H         SYMBOL        pData
  -------         DO            
  D:0015H         SYMBOL        i
  -------         ENDDO         
  C:2C7AH         LINE#         520
  C:2C86H         LINE#         521
  C:2C86H         LINE#         525
  C:2C8CH         LINE#         526
  C:2C8CH         LINE#         527
  C:2C91H         LINE#         529
  C:2C94H         LINE#         532
  C:2CA4H         LINE#         533
  C:2CA4H         LINE#         534
  C:2CB5H         LINE#         535
  C:2CBAH         LINE#         536
  C:2CC4H         LINE#         537
  C:2CC4H         LINE#         538
  -------         ENDPROC       _FIFO_WRITE
  -------         PROC          FORCE_STALL
  C:2EF5H         LINE#         551
  C:2EF5H         LINE#         552
  C:2EF5H         LINE#         553
  C:2F00H         LINE#         554
BL51 BANKED LINKER/LOCATER V6.11                                                      06/12/2012  19:56:17  PAGE 31


  C:2F0BH         LINE#         555
  C:2F0EH         LINE#         556
  -------         ENDPROC       FORCE_STALL
  -------         PROC          GET_REPORT
  C:2D98H         LINE#         575
  C:2D98H         LINE#         576
  C:2D98H         LINE#         578
  C:2DA2H         LINE#         579
  C:2DA2H         LINE#         582
  C:2DABH         LINE#         584
  C:2DB0H         LINE#         586
  C:2DBBH         LINE#         587
  C:2DC1H         LINE#         589
  C:2DC4H         LINE#         590
  C:2DC9H         LINE#         591
  C:2DD4H         LINE#         593
  C:2DD5H         LINE#         594
  C:2DD8H         LINE#         595
  -------         ENDPROC       GET_REPORT
  -------         ENDMOD        F32X_USB_ISR

  -------         MODULE        F32X_USB_PRIMITIVES
  C:0000H         SYMBOL        _ICE_DUMMY_
  C:2D0EH         PUBLIC        _Read_receive_Packet
  D:00E6H         PUBLIC        EIE1
  B:00A8H.7       PUBLIC        EA
  D:00D7H         PUBLIC        USB0XCN
  X:0156H         PUBLIC        ReceiveDataBuffer
  D:00A9H         PUBLIC        CLKSEL
  D:00B2H         PUBLIC        OSCICN
  D:00B9H         PUBLIC        CLKMUL
  C:2828H         PUBLIC        Usb0_Init
  C:2CC5H         PUBLIC        _Write_send_Packet
  X:0196H         PUBLIC        SendDataBuffer
  C:2EA2H         PUBLIC        Delay
  C:2EDAH         PUBLIC        Sysclk_Init
  D:0096H         PUBLIC        USB0ADR
  D:0097H         PUBLIC        USB0DAT
  -------         PROC          _WRITE_SEND_PACKET
  D:0017H         SYMBOL        ptrData
  D:001AH         SYMBOL        size
  -------         DO            
  D:001CH         SYMBOL        i
  -------         ENDDO         
  C:2CC5H         LINE#         51
  C:2CCFH         LINE#         52
  C:2CCFH         LINE#         57
  C:2CD2H         LINE#         60
  C:2CE2H         LINE#         61
  C:2D0AH         LINE#         63
  C:2D0DH         LINE#         65
  -------         ENDPROC       _WRITE_SEND_PACKET
  -------         PROC          _READ_RECEIVE_PACKET
  D:0017H         SYMBOL        ptrData
  D:001AH         SYMBOL        size
  -------         DO            
  D:001CH         SYMBOL        i
BL51 BANKED LINKER/LOCATER V6.11                                                      06/12/2012  19:56:17  PAGE 32


  -------         ENDDO         
  C:2D0EH         LINE#         75
  C:2D18H         LINE#         76
  C:2D18H         LINE#         81
  C:2D1BH         LINE#         84
  C:2D2BH         LINE#         85
  C:2D51H         LINE#         87
  C:2D54H         LINE#         89
  -------         ENDPROC       _READ_RECEIVE_PACKET
  -------         PROC          SYSCLK_INIT
  C:2EDAH         LINE#         102
  C:2EDAH         LINE#         103
  C:2EDAH         LINE#         113
  C:2EDDH         LINE#         117
  C:2EE0H         LINE#         120
  C:2EE3H         LINE#         121
  C:2EE6H         LINE#         122
  C:2EE9H         LINE#         123
  C:2EECH         LINE#         125
  C:2EF1H         LINE#         128
  C:2EF4H         LINE#         129
  C:2EF4H         LINE#         132
  -------         ENDPROC       SYSCLK_INIT
  -------         PROC          USB0_INIT
  -------         DO            
  D:0017H         SYMBOL        Count
  -------         ENDDO         
  C:2828H         LINE#         144
  C:2828H         LINE#         145
  C:2828H         LINE#         150
  C:2832H         LINE#         151
  C:2832H         LINE#         152
  C:283FH         LINE#         153
  C:284CH         LINE#         154
  C:2850H         LINE#         156
  C:285BH         LINE#         157
  C:2866H         LINE#         158
  C:2871H         LINE#         159
  C:287CH         LINE#         166
  C:287FH         LINE#         167
  C:288AH         LINE#         171
  C:288DH         LINE#         172
  C:288FH         LINE#         175
  C:289AH         LINE#         176
  -------         ENDPROC       USB0_INIT
  -------         PROC          DELAY
  -------         DO            
  D:0017H         SYMBOL        x
  -------         ENDDO         
  C:2EA2H         LINE#         187
  C:2EA2H         LINE#         188
  C:2EA2H         LINE#         193
  C:2EBEH         LINE#         195
  -------         ENDPROC       DELAY
  -------         ENDMOD        F32X_USB_PRIMITIVES

  -------         MODULE        F32X_USB_STANDARD_REQUESTS
BL51 BANKED LINKER/LOCATER V6.11                                                      06/12/2012  19:56:17  PAGE 33


  C:0000H         SYMBOL        _ICE_DUMMY_
  C:1FDBH         PUBLIC        Get_Status
  C:2AF0H         PUBLIC        Get_Interface
  C:22E8H         PUBLIC        Clear_Feature
  C:2E50H         PUBLIC        Set_Interface
  C:20CEH         PUBLIC        Get_Descriptor
  C:0006H         PUBLIC        ONES_PACKET
  C:2DD9H         PUBLIC        Set_Address
  C:0008H         PUBLIC        ZERO_PACKET
  C:237BH         PUBLIC        Set_Feature
  C:29E0H         PUBLIC        Get_Configuration
  C:27AEH         PUBLIC        Set_Configuration
  D:0096H         PUBLIC        USB0ADR
  D:0097H         PUBLIC        USB0DAT
  -------         PROC          GET_STATUS
  C:1FDBH         LINE#         64
  C:1FDBH         LINE#         65
  C:1FDBH         LINE#         67
  C:1FEDH         LINE#         72
  C:1FEDH         LINE#         73
  C:1FF0H         LINE#         74
  C:1FF0H         LINE#         77
  C:2002H         LINE#         78
  C:2002H         LINE#         80
  C:2002H         LINE#         81
  C:200AH         LINE#         82
  C:200AH         LINE#         84
  C:200DH         LINE#         85
  C:2010H         LINE#         87
  C:2010H         LINE#         90
  C:2019H         LINE#         91
  C:201FH         LINE#         92
  C:201FH         LINE#         93
  C:2022H         LINE#         96
  C:2022H         LINE#         98
  C:202FH         LINE#         100
  C:202FH         LINE#         102
  C:2032H         LINE#         103
  C:2035H         LINE#         105
  C:2035H         LINE#         107
  C:203EH         LINE#         108
  C:2044H         LINE#         109
  C:2044H         LINE#         110
  C:2046H         LINE#         113
  C:2046H         LINE#         115
  C:204FH         LINE#         116
  C:204FH         LINE#         117
  C:2052H         LINE#         118
  C:2054H         LINE#         120
  C:2054H         LINE#         122
  C:2059H         LINE#         123
  C:2059H         LINE#         124
  C:205EH         LINE#         125
  C:205EH         LINE#         127
  C:2067H         LINE#         128
  C:206DH         LINE#         129
  C:206FH         LINE#         131
BL51 BANKED LINKER/LOCATER V6.11                                                      06/12/2012  19:56:17  PAGE 34


  C:206FH         LINE#         133
  C:2078H         LINE#         134
  C:207EH         LINE#         135
  C:207EH         LINE#         136
  C:2080H         LINE#         138
  C:2080H         LINE#         141
  C:2085H         LINE#         143
  C:2085H         LINE#         144
  C:208AH         LINE#         145
  C:208AH         LINE#         146
  C:2093H         LINE#         147
  C:2099H         LINE#         148
  C:209BH         LINE#         150
  C:209BH         LINE#         151
  C:20A4H         LINE#         152
  C:20AAH         LINE#         153
  C:20AAH         LINE#         154
  C:20ACH         LINE#         156
  C:20ACH         LINE#         157
  C:20AFH         LINE#         158
  C:20AFH         LINE#         159
  C:20AFH         LINE#         160
  C:20AFH         LINE#         161
  C:20B1H         LINE#         163
  C:20B1H         LINE#         164
  C:20B4H         LINE#         165
  C:20B4H         LINE#         166
  C:20B4H         LINE#         167
  C:20BAH         LINE#         168
  C:20BAH         LINE#         171
  C:20C5H         LINE#         172
  C:20C8H         LINE#         173
  C:20CDH         LINE#         174
  C:20CDH         LINE#         175
  -------         ENDPROC       GET_STATUS
  -------         PROC          CLEAR_FEATURE
  C:22E8H         LINE#         188
  C:22E8H         LINE#         189
  C:22E8H         LINE#         191
  C:2305H         LINE#         196
  C:2305H         LINE#         197
  C:2308H         LINE#         198
  C:230AH         LINE#         201
  C:230AH         LINE#         202
  C:2320H         LINE#         206
  C:2320H         LINE#         207
  C:2325H         LINE#         208
  C:2325H         LINE#         209
  C:2330H         LINE#         210
  C:233BH         LINE#         211
  C:233EH         LINE#         212
  C:2340H         LINE#         214
  C:2340H         LINE#         215
  C:234BH         LINE#         216
  C:2356H         LINE#         217
  C:2359H         LINE#         218
  C:2359H         LINE#         219
BL51 BANKED LINKER/LOCATER V6.11                                                      06/12/2012  19:56:17  PAGE 35


  C:235BH         LINE#         221
  C:235BH         LINE#         222
  C:235EH         LINE#         223
  C:235EH         LINE#         224
  C:235EH         LINE#         225
  C:2369H         LINE#         226
  C:236FH         LINE#         227
  C:236FH         LINE#         228
  C:237AH         LINE#         231
  C:237AH         LINE#         232
  -------         ENDPROC       CLEAR_FEATURE
  -------         PROC          SET_FEATURE
  C:237BH         LINE#         245
  C:237BH         LINE#         246
  C:237BH         LINE#         248
  C:2398H         LINE#         253
  C:2398H         LINE#         254
  C:239BH         LINE#         255
  C:239DH         LINE#         258
  C:239DH         LINE#         259
  C:23B3H         LINE#         263
  C:23B3H         LINE#         264
  C:23B8H         LINE#         265
  C:23B8H         LINE#         266
  C:23C3H         LINE#         267
  C:23CEH         LINE#         268
  C:23D1H         LINE#         269
  C:23D3H         LINE#         271
  C:23D3H         LINE#         272
  C:23DEH         LINE#         273
  C:23E9H         LINE#         274
  C:23ECH         LINE#         275
  C:23ECH         LINE#         276
  C:23EEH         LINE#         278
  C:23EEH         LINE#         279
  C:23F1H         LINE#         280
  C:23F1H         LINE#         281
  C:23F1H         LINE#         282
  C:23FCH         LINE#         283
  C:2402H         LINE#         284
  C:2402H         LINE#         285
  C:240DH         LINE#         287
  C:240DH         LINE#         288
  -------         ENDPROC       SET_FEATURE
  -------         PROC          SET_ADDRESS
  C:2DD9H         LINE#         301
  C:2DD9H         LINE#         302
  C:2DD9H         LINE#         303
  C:2DF6H         LINE#         307
  C:2DF6H         LINE#         308
  C:2DF9H         LINE#         309
  C:2DF9H         LINE#         311
  C:2DFCH         LINE#         312
  C:2E00H         LINE#         313
  C:2E00H         LINE#         314
  C:2E03H         LINE#         315
  C:2E05H         LINE#         317
BL51 BANKED LINKER/LOCATER V6.11                                                      06/12/2012  19:56:17  PAGE 36


  C:2E05H         LINE#         318
  C:2E08H         LINE#         319
  C:2E08H         LINE#         320
  C:2E0EH         LINE#         321
  C:2E0EH         LINE#         322
  C:2E19H         LINE#         324
  C:2E19H         LINE#         325
  -------         ENDPROC       SET_ADDRESS
  -------         PROC          GET_DESCRIPTOR
  C:20CEH         LINE#         339
  C:20CEH         LINE#         340
  C:20CEH         LINE#         342
  C:20E6H         LINE#         343
  C:20E6H         LINE#         344
  C:20E6H         LINE#         345
  C:20EFH         LINE#         346
  C:20F9H         LINE#         347
  C:20FBH         LINE#         349
  C:20FBH         LINE#         350
  C:2104H         LINE#         353
  C:2119H         LINE#         354
  C:211BH         LINE#         356
  C:211BH         LINE#         357
  C:2131H         LINE#         359
  C:213AH         LINE#         360
  C:213CH         LINE#         363
  C:213CH         LINE#         364
  C:2145H         LINE#         365
  C:214FH         LINE#         366
  C:2151H         LINE#         368
  C:2151H         LINE#         369
  C:215AH         LINE#         370
  C:2160H         LINE#         371
  C:2162H         LINE#         400
  C:2162H         LINE#         401
  C:2165H         LINE#         402
  C:2165H         LINE#         403
  C:2165H         LINE#         405
  C:2182H         LINE#         410
  C:2182H         LINE#         411
  C:2190H         LINE#         413
  C:2190H         LINE#         414
  C:2196H         LINE#         415
  C:2196H         LINE#         416
  C:2196H         LINE#         417
  C:219CH         LINE#         418
  C:219CH         LINE#         419
  C:21A7H         LINE#         420
  C:21AAH         LINE#         421
  C:21AFH         LINE#         422
  C:21AFH         LINE#         423
  -------         ENDPROC       GET_DESCRIPTOR
  -------         PROC          GET_CONFIGURATION
  C:29E0H         LINE#         436
  C:29E0H         LINE#         437
  C:29E0H         LINE#         438
  C:29FFH         LINE#         442
BL51 BANKED LINKER/LOCATER V6.11                                                      06/12/2012  19:56:17  PAGE 37


  C:29FFH         LINE#         443
  C:2A02H         LINE#         444
  C:2A04H         LINE#         447
  C:2A04H         LINE#         448
  C:2A09H         LINE#         449
  C:2A09H         LINE#         450
  C:2A12H         LINE#         451
  C:2A18H         LINE#         452
  C:2A18H         LINE#         453
  C:2A1DH         LINE#         454
  C:2A1DH         LINE#         455
  C:2A26H         LINE#         456
  C:2A2CH         LINE#         457
  C:2A2CH         LINE#         458
  C:2A2CH         LINE#         459
  C:2A32H         LINE#         460
  C:2A32H         LINE#         461
  C:2A3DH         LINE#         462
  C:2A40H         LINE#         463
  C:2A45H         LINE#         464
  C:2A45H         LINE#         465
  -------         ENDPROC       GET_CONFIGURATION
  -------         PROC          SET_CONFIGURATION
  C:27AEH         LINE#         478
  C:27AEH         LINE#         479
  C:27AEH         LINE#         481
  C:27D3H         LINE#         486
  C:27D3H         LINE#         487
  C:27D6H         LINE#         488
  C:27D8H         LINE#         491
  C:27D8H         LINE#         492
  C:27DFH         LINE#         493
  C:27DFH         LINE#         494
  C:27E2H         LINE#         495
  C:27E5H         LINE#         496
  C:27E7H         LINE#         497
  C:27F2H         LINE#         498
  C:27FDH         LINE#         499
  C:2800H         LINE#         500
  C:280BH         LINE#         501
  C:280DH         LINE#         503
  C:280DH         LINE#         504
  C:2810H         LINE#         505
  C:2813H         LINE#         506
  C:2816H         LINE#         507
  C:2816H         LINE#         508
  C:2816H         LINE#         509
  C:281CH         LINE#         510
  C:281CH         LINE#         511
  C:2827H         LINE#         513
  C:2827H         LINE#         514
  -------         ENDPROC       SET_CONFIGURATION
  -------         PROC          GET_INTERFACE
  C:2AF0H         LINE#         528
  C:2AF0H         LINE#         529
  C:2AF0H         LINE#         531
  C:2B15H         LINE#         536
BL51 BANKED LINKER/LOCATER V6.11                                                      06/12/2012  19:56:17  PAGE 38


  C:2B15H         LINE#         537
  C:2B18H         LINE#         538
  C:2B1AH         LINE#         541
  C:2B1AH         LINE#         542
  C:2B23H         LINE#         543
  C:2B29H         LINE#         544
  C:2B29H         LINE#         545
  C:2B2FH         LINE#         546
  C:2B2FH         LINE#         547
  C:2B3AH         LINE#         548
  C:2B3DH         LINE#         549
  C:2B42H         LINE#         550
  C:2B42H         LINE#         551
  -------         ENDPROC       GET_INTERFACE
  -------         PROC          SET_INTERFACE
  C:2E50H         LINE#         564
  C:2E50H         LINE#         565
  C:2E50H         LINE#         569
  C:2E6DH         LINE#         573
  C:2E6DH         LINE#         575
  C:2E70H         LINE#         576
  C:2E70H         LINE#         577
  C:2E76H         LINE#         578
  C:2E76H         LINE#         580
  C:2E81H         LINE#         581
  C:2E81H         LINE#         582
  -------         ENDPROC       SET_INTERFACE
  -------         ENDMOD        F32X_USB_STANDARD_REQUESTS

  -------         MODULE        ?C?COPY
  C:0CCBH         PUBLIC        ?C?COPY
  -------         ENDMOD        ?C?COPY

  -------         MODULE        ?C?CLDPTR
  C:0CF1H         PUBLIC        ?C?CLDPTR
  -------         ENDMOD        ?C?CLDPTR

  -------         MODULE        ?C?CLDOPTR
  C:0D0AH         PUBLIC        ?C?CLDOPTR
  -------         ENDMOD        ?C?CLDOPTR

  -------         MODULE        ?C?CSTPTR
  C:0D37H         PUBLIC        ?C?CSTPTR
  -------         ENDMOD        ?C?CSTPTR

  -------         MODULE        ?C?CSTOPTR
  C:0D49H         PUBLIC        ?C?CSTOPTR
  -------         ENDMOD        ?C?CSTOPTR

  -------         MODULE        ?C?IMUL
  C:0D6BH         PUBLIC        ?C?IMUL
  -------         ENDMOD        ?C?IMUL

  -------         MODULE        ?C?UIDIV
  C:0D7DH         PUBLIC        ?C?UIDIV
  -------         ENDMOD        ?C?UIDIV

BL51 BANKED LINKER/LOCATER V6.11                                                      06/12/2012  19:56:17  PAGE 39


  -------         MODULE        ?C?ULCMP
  C:0DD2H         PUBLIC        ?C?ULCMP
  -------         ENDMOD        ?C?ULCMP

  -------         MODULE        ?C?LSTXDATA
  C:0DE3H         PUBLIC        ?C?LSTXDATA
  -------         ENDMOD        ?C?LSTXDATA

  -------         MODULE        ?C?LSTKXDATA
  C:0DEFH         PUBLIC        ?C?LSTKXDATA
  -------         ENDMOD        ?C?LSTKXDATA

  -------         MODULE        ?C?CCASE
  C:0E20H         PUBLIC        ?C?CCASE
  -------         ENDMOD        ?C?CCASE

  -------         MODULE        RAND
  D:005AH         PUBLIC        ?SRAND?BYTE
  C:2BE1H         PUBLIC        RAND
  C:2C23H         PUBLIC        _SRAND
  -------         ENDMOD        RAND

  -------         MODULE        ?C?STRCMP
  C:0FC4H         PUBLIC        ?C?STRCMP
  -------         ENDMOD        ?C?STRCMP

  -------         MODULE        ?C?STRCPY
  C:10ADH         PUBLIC        ?C?STRCPY
  -------         ENDMOD        ?C?STRCPY

*** WARNING L16: UNCALLED SEGMENT, IGNORED FOR OVERLAY PROCESS
    SEGMENT: ?PR?_COPY_CUBE?MAIN_CUBE_LEDS

*** WARNING L16: UNCALLED SEGMENT, IGNORED FOR OVERLAY PROCESS
    SEGMENT: ?PR?_OR_CUBE?MAIN_CUBE_LEDS

*** WARNING L16: UNCALLED SEGMENT, IGNORED FOR OVERLAY PROCESS
    SEGMENT: ?PR?_WR_COORD_CUBE?MAIN_CUBE_LEDS

*** WARNING L16: UNCALLED SEGMENT, IGNORED FOR OVERLAY PROCESS
    SEGMENT: ?PR?_RD_COORD_CUBE?MAIN_CUBE_LEDS

*** WARNING L16: UNCALLED SEGMENT, IGNORED FOR OVERLAY PROCESS
    SEGMENT: ?PR?_DEPL_PROFOND?MAIN_CUBE_LEDS

Program Size: data=99.5 xdata=495 code=12150
LINK/LOCATE RUN COMPLETE.  5 WARNING(S),  0 ERROR(S)
